{
  "name": "one-layer",
  "version": "0.1.0",
  "license": "UNLICENSED",
  "private": true,
  "dependencies": {
    "is-sorted": "latest"
  },
  "devDependencies": {
    "semver": "latest"
  }
}